// Jest Snapshot v1, https://goo.gl/fbAQLP

exports[`<ProductCard /> should render the heading 1`] = `
<div
  class=""
>
  <h1>
    ProductCard
  </h1>
</div>
`
